<?xml version="1.0" encoding="UTF-8"?>
<testsuites name="jests tests" tests="16" failures="0" errors="0" time="9.622">
  <testsuite name="DateUtils.isFilteredDate" errors="0" failures="0" skipped="0" timestamp="2022-12-03T22:31:54" time="7.419" tests="10">
    <testcase classname="DateUtils.isFilteredDate should be false, filterParam is null" name="DateUtils.isFilteredDate should be false, filterParam is null" time="0.003">
    </testcase>
    <testcase classname="DateUtils.isFilteredDate should be true, filterParam with firstDate and lastDate" name="DateUtils.isFilteredDate should be true, filterParam with firstDate and lastDate" time="0.001">
    </testcase>
    <testcase classname="DateUtils.isFilteredDate should be false, filterParam with firstDate and lastDate null" name="DateUtils.isFilteredDate should be false, filterParam with firstDate and lastDate null" time="0.001">
    </testcase>
    <testcase classname="DateUtils.isFilteredDate should be false, filterParam with firstDate and lastDate out of date" name="DateUtils.isFilteredDate should be false, filterParam with firstDate and lastDate out of date" time="0.002">
    </testcase>
    <testcase classname="DateUtils.isFilteredDate should be true, filterParam with firstDate" name="DateUtils.isFilteredDate should be true, filterParam with firstDate" time="0.004">
    </testcase>
    <testcase classname="DateUtils.isFilteredDate should be false, filterParam with firstDate great than date" name="DateUtils.isFilteredDate should be false, filterParam with firstDate great than date" time="0.001">
    </testcase>
    <testcase classname="DateUtils.isFilteredDate should be false, filterParam with date great than lastDate" name="DateUtils.isFilteredDate should be false, filterParam with date great than lastDate" time="0.003">
    </testcase>
    <testcase classname="DateUtils.isFilteredDate should be true, filterParam with lastDate" name="DateUtils.isFilteredDate should be true, filterParam with lastDate" time="0">
    </testcase>
    <testcase classname="DateUtils.isNotEmptyDate should be empty data" name="DateUtils.isNotEmptyDate should be empty data" time="0.002">
    </testcase>
    <testcase classname="DateUtils.isNotEmptyDate should be not empty data" name="DateUtils.isNotEmptyDate should be not empty data" time="0.008">
    </testcase>
  </testsuite>
  <testsuite name="DateUtils" errors="0" failures="0" skipped="0" timestamp="2022-12-03T22:31:54" time="7.602" tests="2">
    <testcase classname="DateUtils should be invalid" name="DateUtils should be invalid" time="0.004">
    </testcase>
    <testcase classname="DateUtils should be false filter" name="DateUtils should be false filter" time="0">
    </testcase>
  </testsuite>
  <testsuite name="AppController" errors="0" failures="0" skipped="0" timestamp="2022-12-03T22:31:54" time="7.762" tests="1">
    <testcase classname="AppController Execute Running Version should return text &quot;Running Version&quot; variable value" name="AppController Execute Running Version should return text &quot;Running Version&quot; variable value" time="0.018">
    </testcase>
  </testsuite>
  <testsuite name="SampleService" errors="0" failures="0" skipped="0" timestamp="2022-12-03T22:31:54" time="7.964" tests="2">
    <testcase classname="SampleService should be defined" name="SampleService should be defined" time="0.017">
    </testcase>
    <testcase classname="SampleService should catch an exception" name="SampleService should catch an exception" time="0.018">
    </testcase>
  </testsuite>
  <testsuite name="getDemos" errors="0" failures="0" skipped="0" timestamp="2022-12-03T22:31:54" time="8.384" tests="1">
    <testcase classname="getDemos getDemos Call demo" name="getDemos getDemos Call demo" time="0.016">
    </testcase>
  </testsuite>
</testsuites>